// Jest Snapshot v1, https://goo.gl/fbAQLP

exports[`fade-out effect snapshot test 1`] = `
<span
  style={
    Object {
      "opacity": 1,
    }
  }
/>
`;
