// Jest Snapshot v1, https://goo.gl/fbAQLP

exports[`pulse effect snapshot test 1`] = `
<div
  style={
    Object {
      "transform": "scale(1,1)",
    }
  }
/>
`;
